WARNING ⚠️ user config directory '/tmp/Ultralytics/Ultralytics' is not writable, using '/tmp/Ultralytics'. Set YOLO_CONFIG_DIR to override.
Creating new Ultralytics Settings v0.0.6 file ✅ 
View Ultralytics Settings with 'yolo settings' or at '/tmp/Ultralytics/settings.json'
Update Settings with 'yolo settings key=value', i.e. 'yolo settings runs_dir=path/to/dir'. For help see https://docs.ultralytics.com/quickstart/#ultralytics-settings.
[INFO] float model, act=silu (0 replaced)
[INFO] 5000 images from /datasets/coco/images/val2017
[INFO]   50/5000  4.57 img/s  8,390 detections
[INFO]   100/5000  4.65 img/s  17,468 detections
[INFO]   150/5000  4.67 img/s  26,801 detections
[INFO]   200/5000  4.66 img/s  35,423 detections
[INFO]   250/5000  4.67 img/s  43,421 detections
[INFO]   300/5000  4.65 img/s  51,877 detections
[INFO]   350/5000  4.62 img/s  61,000 detections
[INFO]   400/5000  4.63 img/s  68,519 detections
[INFO]   450/5000  4.63 img/s  76,814 detections
[INFO]   500/5000  4.64 img/s  84,173 detections
[INFO]   550/5000  4.64 img/s  93,459 detections
[INFO]   600/5000  4.65 img/s  101,632 detections
[INFO]   650/5000  4.65 img/s  110,886 detections
[INFO]   700/5000  4.65 img/s  118,859 detections
[INFO]   750/5000  4.65 img/s  127,411 detections
[INFO]   800/5000  4.66 img/s  134,938 detections
[INFO]   850/5000  4.66 img/s  143,328 detections
[INFO]   900/5000  4.67 img/s  151,229 detections
[INFO]   950/5000  4.67 img/s  159,358 detections
[INFO]   1000/5000  4.67 img/s  167,233 detections
[INFO]   1050/5000  4.67 img/s  176,398 detections
[INFO]   1100/5000  4.68 img/s  184,785 detections
[INFO]   1150/5000  4.68 img/s  192,777 detections
[INFO]   1200/5000  4.68 img/s  201,538 detections
[INFO]   1250/5000  4.68 img/s  211,455 detections
[INFO]   1300/5000  4.68 img/s  219,347 detections
[INFO]   1350/5000  4.68 img/s  228,380 detections
[INFO]   1400/5000  4.67 img/s  236,496 detections
[INFO]   1450/5000  4.67 img/s  244,332 detections
[INFO]   1500/5000  4.67 img/s  253,295 detections
[INFO]   1550/5000  4.67 img/s  262,146 detections
[INFO]   1600/5000  4.67 img/s  271,319 detections
[INFO]   1650/5000  4.67 img/s  279,227 detections
[INFO]   1700/5000  4.67 img/s  287,453 detections
[INFO]   1750/5000  4.67 img/s  295,231 detections
[INFO]   1800/5000  4.68 img/s  302,660 detections
[INFO]   1850/5000  4.68 img/s  310,948 detections
[INFO]   1900/5000  4.68 img/s  319,445 detections
[INFO]   1950/5000  4.68 img/s  327,386 detections
[INFO]   2000/5000  4.68 img/s  336,805 detections
[INFO]   2050/5000  4.68 img/s  345,715 detections
[INFO]   2100/5000  4.68 img/s  352,463 detections
[INFO]   2150/5000  4.68 img/s  360,367 detections
[INFO]   2200/5000  4.68 img/s  368,652 detections
[INFO]   2250/5000  4.69 img/s  377,970 detections
[INFO]   2300/5000  4.68 img/s  385,316 detections
[INFO]   2350/5000  4.68 img/s  392,379 detections
[INFO]   2400/5000  4.68 img/s  400,667 detections
[INFO]   2450/5000  4.67 img/s  410,944 detections
[INFO]   2500/5000  4.67 img/s  419,659 detections
[INFO]   2550/5000  4.67 img/s  428,276 detections
[INFO]   2600/5000  4.66 img/s  437,440 detections
[INFO]   2650/5000  4.66 img/s  446,511 detections
[INFO]   2700/5000  4.66 img/s  453,766 detections
[INFO]   2750/5000  4.66 img/s  462,125 detections
[INFO]   2800/5000  4.66 img/s  471,063 detections
[INFO]   2850/5000  4.65 img/s  479,533 detections
[INFO]   2900/5000  4.65 img/s  488,288 detections
[INFO]   2950/5000  4.65 img/s  497,469 detections
[INFO]   3000/5000  4.65 img/s  505,381 detections
[INFO]   3050/5000  4.64 img/s  513,084 detections
[INFO]   3100/5000  4.64 img/s  520,733 detections
[INFO]   3150/5000  4.64 img/s  529,303 detections
[INFO]   3200/5000  4.64 img/s  537,671 detections
[INFO]   3250/5000  4.64 img/s  547,085 detections
[INFO]   3300/5000  4.63 img/s  555,883 detections
[INFO]   3350/5000  4.63 img/s  564,501 detections
[INFO]   3400/5000  4.63 img/s  573,514 detections
[INFO]   3450/5000  4.63 img/s  582,272 detections
[INFO]   3500/5000  4.63 img/s  588,913 detections
[INFO]   3550/5000  4.63 img/s  597,849 detections
[INFO]   3600/5000  4.63 img/s  606,998 detections
[INFO]   3650/5000  4.63 img/s  615,694 detections
[INFO]   3700/5000  4.63 img/s  624,806 detections
[INFO]   3750/5000  4.62 img/s  633,219 detections
[INFO]   3800/5000  4.62 img/s  642,189 detections
[INFO]   3850/5000  4.62 img/s  650,138 detections
[INFO]   3900/5000  4.62 img/s  657,867 detections
[INFO]   3950/5000  4.62 img/s  666,754 detections
[INFO]   4000/5000  4.62 img/s  675,126 detections
[INFO]   4050/5000  4.62 img/s  685,870 detections
[INFO]   4100/5000  4.62 img/s  694,566 detections
[INFO]   4150/5000  4.61 img/s  701,679 detections
[INFO]   4200/5000  4.61 img/s  711,162 detections
[INFO]   4250/5000  4.61 img/s  719,191 detections
[INFO]   4300/5000  4.61 img/s  727,998 detections
[INFO]   4350/5000  4.61 img/s  735,911 detections
[INFO]   4400/5000  4.61 img/s  744,118 detections
[INFO]   4450/5000  4.61 img/s  753,075 detections
[INFO]   4500/5000  4.61 img/s  761,908 detections
[INFO]   4550/5000  4.61 img/s  770,173 detections
[INFO]   4600/5000  4.61 img/s  779,413 detections
[INFO]   4650/5000  4.61 img/s  788,436 detections
[INFO]   4700/5000  4.61 img/s  797,194 detections
[INFO]   4750/5000  4.61 img/s  805,082 detections
[INFO]   4800/5000  4.61 img/s  814,161 detections
[INFO]   4850/5000  4.61 img/s  822,160 detections
[INFO]   4900/5000  4.61 img/s  831,052 detections
[INFO]   4950/5000  4.61 img/s  839,788 detections
[INFO]   5000/5000  4.60 img/s  847,280 detections

[SUCCESS] 847,280 detections over 5000 images -> sim_results/preds_yolov8s_leaky_float_lb.json
[ACTION] score it with tools/rescore_v8_prior.py
